package io.grpc.testing.integration;

import static io.grpc.stub.ClientCalls.asyncUnaryCall;
import static io.grpc.stub.ClientCalls.asyncServerStreamingCall;
import static io.grpc.stub.ClientCalls.asyncClientStreamingCall;
import static io.grpc.stub.ClientCalls.asyncBidiStreamingCall;
import static io.grpc.stub.ClientCalls.blockingUnaryCall;
import static io.grpc.stub.ClientCalls.blockingServerStreamingCall;
import static io.grpc.stub.ClientCalls.futureUnaryCall;
import static io.grpc.stub.ServerCalls.asyncUnaryCall;
import static io.grpc.stub.ServerCalls.asyncServerStreamingCall;
import static io.grpc.stub.ServerCalls.asyncClientStreamingCall;
import static io.grpc.stub.ServerCalls.asyncBidiStreamingCall;

@javax.annotation.Generated("by gRPC proto compiler")
public class TestServiceGrpc {

  // Static method descriptors that strictly reflect the proto.
  public static final io.grpc.MethodDescriptor<io.grpc.testing.integration.Test.SimpleRequest,
      io.grpc.testing.integration.Test.SimpleResponse> METHOD_UNARY_CALL =
      io.grpc.MethodDescriptor.create(
          io.grpc.MethodDescriptor.MethodType.UNARY,
          "grpc.testing.TestService", "UnaryCall",
          io.grpc.protobuf.ProtoUtils.marshaller(io.grpc.testing.integration.Test.SimpleRequest.parser()),
          io.grpc.protobuf.ProtoUtils.marshaller(io.grpc.testing.integration.Test.SimpleResponse.parser()));
  public static final io.grpc.MethodDescriptor<io.grpc.testing.integration.Test.StreamingOutputCallRequest,
      io.grpc.testing.integration.Test.StreamingOutputCallResponse> METHOD_STREAMING_OUTPUT_CALL =
      io.grpc.MethodDescriptor.create(
          io.grpc.MethodDescriptor.MethodType.SERVER_STREAMING,
          "grpc.testing.TestService", "StreamingOutputCall",
          io.grpc.protobuf.ProtoUtils.marshaller(io.grpc.testing.integration.Test.StreamingOutputCallRequest.parser()),
          io.grpc.protobuf.ProtoUtils.marshaller(io.grpc.testing.integration.Test.StreamingOutputCallResponse.parser()));
  public static final io.grpc.MethodDescriptor<io.grpc.testing.integration.Test.StreamingInputCallRequest,
      io.grpc.testing.integration.Test.StreamingInputCallResponse> METHOD_STREAMING_INPUT_CALL =
      io.grpc.MethodDescriptor.create(
          io.grpc.MethodDescriptor.MethodType.CLIENT_STREAMING,
          "grpc.testing.TestService", "StreamingInputCall",
          io.grpc.protobuf.ProtoUtils.marshaller(io.grpc.testing.integration.Test.StreamingInputCallRequest.parser()),
          io.grpc.protobuf.ProtoUtils.marshaller(io.grpc.testing.integration.Test.StreamingInputCallResponse.parser()));
  public static final io.grpc.MethodDescriptor<io.grpc.testing.integration.Test.StreamingOutputCallRequest,
      io.grpc.testing.integration.Test.StreamingOutputCallResponse> METHOD_FULL_BIDI_CALL =
      io.grpc.MethodDescriptor.create(
          io.grpc.MethodDescriptor.MethodType.BIDI_STREAMING,
          "grpc.testing.TestService", "FullBidiCall",
          io.grpc.protobuf.ProtoUtils.marshaller(io.grpc.testing.integration.Test.StreamingOutputCallRequest.parser()),
          io.grpc.protobuf.ProtoUtils.marshaller(io.grpc.testing.integration.Test.StreamingOutputCallResponse.parser()));
  public static final io.grpc.MethodDescriptor<io.grpc.testing.integration.Test.StreamingOutputCallRequest,
      io.grpc.testing.integration.Test.StreamingOutputCallResponse> METHOD_HALF_BIDI_CALL =
      io.grpc.MethodDescriptor.create(
          io.grpc.MethodDescriptor.MethodType.BIDI_STREAMING,
          "grpc.testing.TestService", "HalfBidiCall",
          io.grpc.protobuf.ProtoUtils.marshaller(io.grpc.testing.integration.Test.StreamingOutputCallRequest.parser()),
          io.grpc.protobuf.ProtoUtils.marshaller(io.grpc.testing.integration.Test.StreamingOutputCallResponse.parser()));

  public static TestServiceStub newStub(io.grpc.ClientCallFactory callFactory) {
    return new TestServiceStub(callFactory);
  }

  public static TestServiceBlockingStub newBlockingStub(
      io.grpc.ClientCallFactory callFactory) {
    return new TestServiceBlockingStub(callFactory);
  }

  public static TestServiceFutureStub newFutureStub(
      io.grpc.ClientCallFactory callFactory) {
    return new TestServiceFutureStub(callFactory);
  }

  public static interface TestService {

    public void unaryCall(io.grpc.testing.integration.Test.SimpleRequest request,
        io.grpc.stub.StreamObserver<io.grpc.testing.integration.Test.SimpleResponse> responseObserver);

    public void streamingOutputCall(io.grpc.testing.integration.Test.StreamingOutputCallRequest request,
        io.grpc.stub.StreamObserver<io.grpc.testing.integration.Test.StreamingOutputCallResponse> responseObserver);

    public io.grpc.stub.StreamObserver<io.grpc.testing.integration.Test.StreamingInputCallRequest> streamingInputCall(
        io.grpc.stub.StreamObserver<io.grpc.testing.integration.Test.StreamingInputCallResponse> responseObserver);

    public io.grpc.stub.StreamObserver<io.grpc.testing.integration.Test.StreamingOutputCallRequest> fullBidiCall(
        io.grpc.stub.StreamObserver<io.grpc.testing.integration.Test.StreamingOutputCallResponse> responseObserver);

    public io.grpc.stub.StreamObserver<io.grpc.testing.integration.Test.StreamingOutputCallRequest> halfBidiCall(
        io.grpc.stub.StreamObserver<io.grpc.testing.integration.Test.StreamingOutputCallResponse> responseObserver);
  }

  public static interface TestServiceBlockingClient {

    public io.grpc.testing.integration.Test.SimpleResponse unaryCall(io.grpc.testing.integration.Test.SimpleRequest request);

    public java.util.Iterator<io.grpc.testing.integration.Test.StreamingOutputCallResponse> streamingOutputCall(
        io.grpc.testing.integration.Test.StreamingOutputCallRequest request);
  }

  public static interface TestServiceFutureClient {

    public com.google.common.util.concurrent.ListenableFuture<io.grpc.testing.integration.Test.SimpleResponse> unaryCall(
        io.grpc.testing.integration.Test.SimpleRequest request);
  }

  public static class TestServiceStub extends io.grpc.stub.AbstractStub<TestServiceStub>
      implements TestService {
    private TestServiceStub(io.grpc.ClientCallFactory callFactory) {
      super(callFactory);
    }

    private TestServiceStub(io.grpc.ClientCallFactory callFactory,
        io.grpc.CallOptions callOptions) {
      super(callFactory, callOptions);
    }

    @java.lang.Override
    protected TestServiceStub build(io.grpc.ClientCallFactory callFactory,
        io.grpc.CallOptions callOptions) {
      return new TestServiceStub(callFactory, callOptions);
    }

    @java.lang.Override
    public void unaryCall(io.grpc.testing.integration.Test.SimpleRequest request,
        io.grpc.stub.StreamObserver<io.grpc.testing.integration.Test.SimpleResponse> responseObserver) {
      asyncUnaryCall(
          callFactory.newCall(METHOD_UNARY_CALL, callOptions), request, responseObserver);
    }

    @java.lang.Override
    public void streamingOutputCall(io.grpc.testing.integration.Test.StreamingOutputCallRequest request,
        io.grpc.stub.StreamObserver<io.grpc.testing.integration.Test.StreamingOutputCallResponse> responseObserver) {
      asyncServerStreamingCall(
          callFactory.newCall(METHOD_STREAMING_OUTPUT_CALL, callOptions), request, responseObserver);
    }

    @java.lang.Override
    public io.grpc.stub.StreamObserver<io.grpc.testing.integration.Test.StreamingInputCallRequest> streamingInputCall(
        io.grpc.stub.StreamObserver<io.grpc.testing.integration.Test.StreamingInputCallResponse> responseObserver) {
      return asyncClientStreamingCall(
          callFactory.newCall(METHOD_STREAMING_INPUT_CALL, callOptions), responseObserver);
    }

    @java.lang.Override
    public io.grpc.stub.StreamObserver<io.grpc.testing.integration.Test.StreamingOutputCallRequest> fullBidiCall(
        io.grpc.stub.StreamObserver<io.grpc.testing.integration.Test.StreamingOutputCallResponse> responseObserver) {
      return asyncBidiStreamingCall(
          callFactory.newCall(METHOD_FULL_BIDI_CALL, callOptions), responseObserver);
    }

    @java.lang.Override
    public io.grpc.stub.StreamObserver<io.grpc.testing.integration.Test.StreamingOutputCallRequest> halfBidiCall(
        io.grpc.stub.StreamObserver<io.grpc.testing.integration.Test.StreamingOutputCallResponse> responseObserver) {
      return asyncBidiStreamingCall(
          callFactory.newCall(METHOD_HALF_BIDI_CALL, callOptions), responseObserver);
    }
  }

  public static class TestServiceBlockingStub extends io.grpc.stub.AbstractStub<TestServiceBlockingStub>
      implements TestServiceBlockingClient {
    private TestServiceBlockingStub(io.grpc.ClientCallFactory callFactory) {
      super(callFactory);
    }

    private TestServiceBlockingStub(io.grpc.ClientCallFactory callFactory,
        io.grpc.CallOptions callOptions) {
      super(callFactory, callOptions);
    }

    @java.lang.Override
    protected TestServiceBlockingStub build(io.grpc.ClientCallFactory callFactory,
        io.grpc.CallOptions callOptions) {
      return new TestServiceBlockingStub(callFactory, callOptions);
    }

    @java.lang.Override
    public io.grpc.testing.integration.Test.SimpleResponse unaryCall(io.grpc.testing.integration.Test.SimpleRequest request) {
      return blockingUnaryCall(
          callFactory.newCall(METHOD_UNARY_CALL, callOptions), request);
    }

    @java.lang.Override
    public java.util.Iterator<io.grpc.testing.integration.Test.StreamingOutputCallResponse> streamingOutputCall(
        io.grpc.testing.integration.Test.StreamingOutputCallRequest request) {
      return blockingServerStreamingCall(
          callFactory.newCall(METHOD_STREAMING_OUTPUT_CALL, callOptions), request);
    }
  }

  public static class TestServiceFutureStub extends io.grpc.stub.AbstractStub<TestServiceFutureStub>
      implements TestServiceFutureClient {
    private TestServiceFutureStub(io.grpc.ClientCallFactory callFactory) {
      super(callFactory);
    }

    private TestServiceFutureStub(io.grpc.ClientCallFactory callFactory,
        io.grpc.CallOptions callOptions) {
      super(callFactory, callOptions);
    }

    @java.lang.Override
    protected TestServiceFutureStub build(io.grpc.ClientCallFactory callFactory,
        io.grpc.CallOptions callOptions) {
      return new TestServiceFutureStub(callFactory, callOptions);
    }

    @java.lang.Override
    public com.google.common.util.concurrent.ListenableFuture<io.grpc.testing.integration.Test.SimpleResponse> unaryCall(
        io.grpc.testing.integration.Test.SimpleRequest request) {
      return futureUnaryCall(
          callFactory.newCall(METHOD_UNARY_CALL, callOptions), request);
    }
  }

  public static io.grpc.ServerServiceDefinition bindService(
      final TestService serviceImpl) {
    return io.grpc.ServerServiceDefinition.builder("grpc.testing.TestService")
      .addMethod(io.grpc.ServerMethodDefinition.create(
          METHOD_UNARY_CALL,
          asyncUnaryCall(
            new io.grpc.stub.ServerCalls.UnaryMethod<
                io.grpc.testing.integration.Test.SimpleRequest,
                io.grpc.testing.integration.Test.SimpleResponse>() {
              @java.lang.Override
              public void invoke(
                  io.grpc.testing.integration.Test.SimpleRequest request,
                  io.grpc.stub.StreamObserver<io.grpc.testing.integration.Test.SimpleResponse> responseObserver) {
                serviceImpl.unaryCall(request, responseObserver);
              }
            })))
      .addMethod(io.grpc.ServerMethodDefinition.create(
          METHOD_STREAMING_OUTPUT_CALL,
          asyncServerStreamingCall(
            new io.grpc.stub.ServerCalls.ServerStreamingMethod<
                io.grpc.testing.integration.Test.StreamingOutputCallRequest,
                io.grpc.testing.integration.Test.StreamingOutputCallResponse>() {
              @java.lang.Override
              public void invoke(
                  io.grpc.testing.integration.Test.StreamingOutputCallRequest request,
                  io.grpc.stub.StreamObserver<io.grpc.testing.integration.Test.StreamingOutputCallResponse> responseObserver) {
                serviceImpl.streamingOutputCall(request, responseObserver);
              }
            })))
      .addMethod(io.grpc.ServerMethodDefinition.create(
          METHOD_STREAMING_INPUT_CALL,
          asyncClientStreamingCall(
            new io.grpc.stub.ServerCalls.ClientStreamingMethod<
                io.grpc.testing.integration.Test.StreamingInputCallRequest,
                io.grpc.testing.integration.Test.StreamingInputCallResponse>() {
              @java.lang.Override
              public io.grpc.stub.StreamObserver<io.grpc.testing.integration.Test.StreamingInputCallRequest> invoke(
                  io.grpc.stub.StreamObserver<io.grpc.testing.integration.Test.StreamingInputCallResponse> responseObserver) {
                return serviceImpl.streamingInputCall(responseObserver);
              }
            })))
      .addMethod(io.grpc.ServerMethodDefinition.create(
          METHOD_FULL_BIDI_CALL,
          asyncBidiStreamingCall(
            new io.grpc.stub.ServerCalls.BidiStreamingMethod<
                io.grpc.testing.integration.Test.StreamingOutputCallRequest,
                io.grpc.testing.integration.Test.StreamingOutputCallResponse>() {
              @java.lang.Override
              public io.grpc.stub.StreamObserver<io.grpc.testing.integration.Test.StreamingOutputCallRequest> invoke(
                  io.grpc.stub.StreamObserver<io.grpc.testing.integration.Test.StreamingOutputCallResponse> responseObserver) {
                return serviceImpl.fullBidiCall(responseObserver);
              }
            })))
      .addMethod(io.grpc.ServerMethodDefinition.create(
          METHOD_HALF_BIDI_CALL,
          asyncBidiStreamingCall(
            new io.grpc.stub.ServerCalls.BidiStreamingMethod<
                io.grpc.testing.integration.Test.StreamingOutputCallRequest,
                io.grpc.testing.integration.Test.StreamingOutputCallResponse>() {
              @java.lang.Override
              public io.grpc.stub.StreamObserver<io.grpc.testing.integration.Test.StreamingOutputCallRequest> invoke(
                  io.grpc.stub.StreamObserver<io.grpc.testing.integration.Test.StreamingOutputCallResponse> responseObserver) {
                return serviceImpl.halfBidiCall(responseObserver);
              }
            }))).build();
  }
}
